V3 23
FL /rzhome/op/padminl/VISCY/workdir/hwsys/XST/alu.vhdl 2015/05/28.12:35:20 K.39
EN work/ALU 1432811394 FL /rzhome/op/padminl/VISCY/workdir/hwsys/XST/alu.vhdl \
      PB ieee/std_logic_1164 1217055545 PH ieee/NUMERIC_STD 1217055545
AR work/ALU/RTL 1432811395 \
      FL /rzhome/op/padminl/VISCY/workdir/hwsys/XST/alu.vhdl EN work/ALU 1432811394
FL /rzhome/op/padminl/VISCY/workdir/hwsys/XST/controller.vhdl 2015/05/28.12:35:04 K.39
EN work/CONTROLLER 1432811402 \
      FL /rzhome/op/padminl/VISCY/workdir/hwsys/XST/controller.vhdl \
      PB ieee/std_logic_1164 1217055545 PH ieee/NUMERIC_STD 1217055545
AR work/CONTROLLER/RTL 1432811403 \
      FL /rzhome/op/padminl/VISCY/workdir/hwsys/XST/controller.vhdl \
      EN work/CONTROLLER 1432811402
FL /rzhome/op/padminl/VISCY/workdir/hwsys/XST/CPU.vhdl 2015/05/28.13:09:49 K.39
EN work/CPU 1432811404 FL /rzhome/op/padminl/VISCY/workdir/hwsys/XST/CPU.vhdl \
      PB ieee/std_logic_1164 1217055545 PH ieee/NUMERIC_STD 1217055545
AR work/CPU/RTL 1432811405 \
      FL /rzhome/op/padminl/VISCY/workdir/hwsys/XST/CPU.vhdl EN work/CPU 1432811404 \
      AR work/ALU/RTL 1432811395 AR work/PC/RTL 1432811397 AR work/IR/RTL 1432811399 \
      AR work/CONTROLLER/RTL 1432811403 AR work/REGFILE/RTL 1432811401 CP ALU CP PC \
      CP IR CP REGFILE CP CONTROLLER
FL /rzhome/op/padminl/VISCY/workdir/hwsys/XST/ir.vhdl 2015/05/28.12:34:38 K.39
EN work/IR 1432811398 FL /rzhome/op/padminl/VISCY/workdir/hwsys/XST/ir.vhdl \
      PB ieee/std_logic_1164 1217055545 PH ieee/NUMERIC_STD 1217055545
AR work/IR/RTL 1432811399 \
      FL /rzhome/op/padminl/VISCY/workdir/hwsys/XST/ir.vhdl EN work/IR 1432811398
FL /rzhome/op/padminl/VISCY/workdir/hwsys/XST/pc.vhdl 2015/05/28.12:34:45 K.39
EN work/PC 1432811396 FL /rzhome/op/padminl/VISCY/workdir/hwsys/XST/pc.vhdl \
      PB ieee/std_logic_1164 1217055545 PH ieee/NUMERIC_STD 1217055545
AR work/PC/RTL 1432811397 \
      FL /rzhome/op/padminl/VISCY/workdir/hwsys/XST/pc.vhdl EN work/PC 1432811396
FL /rzhome/op/padminl/VISCY/workdir/hwsys/XST/regfile.vhdl 2015/05/28.12:34:53 K.39
EN work/REGFILE 1432811400 \
      FL /rzhome/op/padminl/VISCY/workdir/hwsys/XST/regfile.vhdl \
      PB ieee/std_logic_1164 1217055545 PH ieee/NUMERIC_STD 1217055545
AR work/REGFILE/RTL 1432811401 \
      FL /rzhome/op/padminl/VISCY/workdir/hwsys/XST/regfile.vhdl EN work/REGFILE 1432811400
